[worldigitalinvestory.com/index.html]
[backblue.gif]
[fade.gif]
[index.html]
[worldigitalinvestory.com/wp-includes/css/dist/block-library/style.minf801.css]
[worldigitalinvestory.com/feed/index.html]
[worldigitalinvestory.com/comments/feed/index.html]
[worldigitalinvestory.com/wp-content/plugins/contact-form-7/includes/css/stylescfaa.css]
[worldigitalinvestory.com/wp-content/themes/cryptoking/assets/bootstrap/css/bootstrap.min5152.css]
[worldigitalinvestory.com/wp-content/themes/cryptoking/assets/css/animate5152.css]
[worldigitalinvestory.com/wp-content/themes/cryptoking/assets/css/ionicons.min5152.css]
[worldigitalinvestory.com/wp-content/themes/cryptoking/assets/owlcarousel/css/owl.carousel.min5152.css]
[worldigitalinvestory.com/wp-content/themes/cryptoking/assets/owlcarousel/css/owl.theme5152.css]
[worldigitalinvestory.com/wp-content/themes/cryptoking/assets/css/magnific-popup5152.css]
[worldigitalinvestory.com/wp-content/themes/cryptoking/assets/css/custom5152.css]
[worldigitalinvestory.com/wp-content/themes/cryptoking/assets/css/responsive5152.css]
[worldigitalinvestory.com/wp-content/themes/cryptoking/assets/color/theme5152.css]
[worldigitalinvestory.com/wp-content/themes/cryptoking/stylef801.css]
[worldigitalinvestory.com/wp-includes/js/jquery/jquery.min3088.js]
[worldigitalinvestory.com/wp-includes/js/jquery/jquery-migrate.min5589.js]
[worldigitalinvestory.com/wp-json/wp/v2/pages/378]
[worldigitalinvestory.com/wp-json/index.html]
[worldigitalinvestory.com/xmlrpc0db0.php]
[worldigitalinvestory.com/wp-json/oembed/1.0/embede119]
[worldigitalinvestory.com/wp-json/oembed/1.0/embedacdc]
[worldigitalinvestory.com/wp-content/uploads/2022/07/389.gif]
[worldigitalinvestory.com/wp-content/uploads/2022/08/cropped-21_01_Why-Have-Cryptocurrency-Investment-Strategy-32x32.jpg]
[worldigitalinvestory.com/wp-content/uploads/2022/08/cropped-21_01_Why-Have-Cryptocurrency-Investment-Strategy-192x192.jpg]
[worldigitalinvestory.com/wp-content/uploads/2022/08/cropped-21_01_Why-Have-Cryptocurrency-Investment-Strategy-180x180.jpg]
[worldigitalinvestory.com/wp-content/uploads/2022/07/WORLD_INVESTMENT-333.png]
[worldigitalinvestory.com/affiliate/index.html]
[worldigitalinvestory.com/about-us/index.html]
[translate.google.com/translate_a/elementd5a3.js]
[worldigitalinvestory.com/contact-us/index.html]
[worldigitalinvestory.com/faq/index.html]
[worldigitalinvestory.com/wp-content/themes/cryptoking/assets/images/banner_wave.png]
[worldigitalinvestory.com/wp-content/uploads/2022/07/banner_vector.png]
[worldigitalinvestory.com/wp-content/uploads/2022/07/about_img.png]
[worldigitalinvestory.com/wp-content/uploads/2022/07/feature-icon1.png]
[worldigitalinvestory.com/wp-content/uploads/2022/07/feature-icon2.png]
[worldigitalinvestory.com/wp-content/uploads/2022/07/feature-icon3.png]
[worldigitalinvestory.com/wp-content/uploads/2022/07/feature-icon4.png]
[worldigitalinvestory.com/wp-content/uploads/2022/07/feature-icon5.png]
[worldigitalinvestory.com/wp-content/uploads/2022/07/feature-icon6.png]
[worldigitalinvestory.com/wp-content/uploads/2022/08/1000.gif]
[worldigitalinvestory.com/wp-content/themes/cryptoking/assets/images/wave.png]
[s3.tradingview.com/external-embedding/embed-widget-forex-cross-rates.js]
[worldigitalinvestory.com/wp-content/uploads/2018/06/team-lg-1.jpg]
[worldigitalinvestory.com/wp-content/uploads/2018/06/team-lg-2.jpg]
[worldigitalinvestory.com/wp-content/uploads/2018/06/team-lg-3.jpg]
[worldigitalinvestory.com/wp-content/uploads/2018/06/team-lg-4.jpg]
[worldigitalinvestory.com/wp-content/uploads/2022/07/award.png]
[worldigitalinvestory.com/wp-content/uploads/2022/08/certificate.jpg]
[worldigitalinvestory.com/wp-content/uploads/2022/08/geotrust.png]
[worldigitalinvestory.com/wp-content/uploads/2022/08/trustwave.png]
[worldigitalinvestory.com/wp-content/uploads/2022/08/sitelock.png]
[worldigitalinvestory.com/wp-content/uploads/2022/08/mcafee.png]
[worldigitalinvestory.com/wp-content/uploads/2022/08/norton.png]
[worldigitalinvestory.com/wp-content/uploads/2022/08/trustguard.png]
[worldigitalinvestory.com/wp-content/uploads/2023/05/WORLD-INVESTMENT.png]
[s3.tradingview.com/external-embedding/embed-widget-ticker-tape.js]
[worldigitalinvestory.com/wp-content/plugins/js_composer/assets/css/js_composer.mine1b2.css]
[worldigitalinvestory.com/terms-and-conditions/index.html]
[worldigitalinvestory.com/wp-content/plugins/js_composer/assets/css/lib/vc-linecons/vc_linecons_icons.mine1b2.css]
[worldigitalinvestory.com/policy/index.html]
[worldigitalinvestory.com/wp-content/plugins/js_composer/assets/css/js_composer_tta.mine1b2.css]
[worldigitalinvestory.com/wp-content/plugins/revslider/public/assets/css/rs6b02e.css]
[worldigitalinvestory.com/wp-content/plugins/contact-form-7/includes/swv/js/indexcfaa.js]
[worldigitalinvestory.com/wp-content/plugins/contact-form-7/includes/js/indexcfaa.js]
[worldigitalinvestory.com/wp-content/plugins/revslider/public/assets/js/rbtools.min8331.js]
[worldigitalinvestory.com/wp-content/plugins/revslider/public/assets/js/rs6.minb02e.js]
[worldigitalinvestory.com/wp-content/themes/cryptoking/assets/bootstrap/js/bootstrap.min5152.js]
[worldigitalinvestory.com/wp-content/themes/cryptoking/assets/owlcarousel/js/owl.carousel.min5152.js]
[worldigitalinvestory.com/wp-content/themes/cryptoking/assets/js/magnific-popup.min5152.js]
[worldigitalinvestory.com/wp-content/themes/cryptoking/assets/js/waypoints.min5152.js]
[worldigitalinvestory.com/wp-content/themes/cryptoking/assets/js/parallax5152.js]
[worldigitalinvestory.com/wp-content/themes/cryptoking/assets/js/scripts5152.js]
[worldigitalinvestory.com/wp-content/plugins/js_composer/assets/js/dist/js_composer_front.mine1b2.js]
[worldigitalinvestory.com/wp-content/themes/cryptoking/assets/js/particles.min5152.js]
[worldigitalinvestory.com/wp-content/themes/cryptoking/assets/js/custom/cryptoking_particle5152.js]
[worldigitalinvestory.com/wp-content/themes/cryptoking/assets/js/jquery.countdown.min5152.js]
[worldigitalinvestory.com/wp-content/themes/cryptoking/assets/js/custom/cryptoking_countdown5152.js]
[worldigitalinvestory.com/wp-content/plugins/js_composer/assets/lib/vc_accordion/vc-accordion.mine1b2.js]
[worldigitalinvestory.com/wp-content/plugins/js_composer/assets/lib/vc-tta-autoplay/vc-tta-autoplay.mine1b2.js]
[worldigitalinvestory.com/wp-content/plugins/js_composer/assets/lib/vc_tabs/vc-tabs.mine1b2.js]
[worldigitalinvestory.com/wp-content/themes/cryptoking/assets/js/custom/cryptoking_roadmap5152.js]
[worldigitalinvestory.com/wp-content/plugins/js_composer/assets/lib/bower/skrollr/dist/skrollr.mine1b2.js]
[worldigitalinvestory.com/index.html]
[worldigitalinvestory.com/feed/index.html]
[worldigitalinvestory.com/comments/feed/index.html]
[worldigitalinvestory.com/wp-includes/css/dist/block-library/style.minf801.css]
[worldigitalinvestory.com/wp-content/plugins/contact-form-7/includes/css/stylescfaa.css]
[worldigitalinvestory.com/wp-content/plugins/mailchimp-for-wp/assets/js/formscbf4.js]
[worldigitalinvestory.com/wp-content/themes/cryptoking/assets/bootstrap/css/bootstrap.min5152.css]
[worldigitalinvestory.com/wp-content/themes/cryptoking/assets/css/animate5152.css]
[worldigitalinvestory.com/wp-content/themes/cryptoking/assets/fonts/ionicons28b5.eot]
[worldigitalinvestory.com/wp-content/themes/cryptoking/assets/fonts/ionicons28b5.ttf]
[worldigitalinvestory.com/wp-content/themes/cryptoking/assets/fonts/ionicons28b5.woff]
[worldigitalinvestory.com/wp-content/themes/cryptoking/assets/css/ionicons.min5152.css]
[worldigitalinvestory.com/wp-content/themes/cryptoking/assets/fonts/ionicons28b5.svg]
[worldigitalinvestory.com/wp-content/themes/cryptoking/assets/owlcarousel/css/owl.video.play.png]
[worldigitalinvestory.com/wp-content/themes/cryptoking/assets/owlcarousel/css/owl.carousel.min5152.css]
[worldigitalinvestory.com/wp-content/themes/cryptoking/assets/owlcarousel/css/AjaxLoader.gif]
[worldigitalinvestory.com/wp-content/themes/cryptoking/assets/owlcarousel/css/owl.theme5152.css]
[worldigitalinvestory.com/wp-content/themes/cryptoking/assets/css/magnific-popup5152.css]
[worldigitalinvestory.com/wp-content/themes/cryptoking/assets/images/shape1.png]
[worldigitalinvestory.com/wp-content/themes/cryptoking/assets/images/shape2.png]
[worldigitalinvestory.com/wp-content/themes/cryptoking/assets/images/shape3.png]
[worldigitalinvestory.com/wp-content/themes/cryptoking/assets/images/shape4.png]
[worldigitalinvestory.com/wp-content/themes/cryptoking/assets/images/shape5.png]
[worldigitalinvestory.com/wp-content/themes/cryptoking/assets/images/shape6.png]
[worldigitalinvestory.com/wp-content/themes/cryptoking/assets/images/rounded-shape1.png]
[worldigitalinvestory.com/wp-content/themes/cryptoking/assets/images/rounded-shape2.png]
[worldigitalinvestory.com/wp-content/themes/cryptoking/assets/images/light_rounded-shape3.png]
[worldigitalinvestory.com/wp-content/themes/cryptoking/assets/images/light_rounded-shape4.png]
[worldigitalinvestory.com/wp-content/themes/cryptoking/assets/images/light_rounded-shape5.png]
[worldigitalinvestory.com/wp-content/themes/cryptoking/assets/images/light_rounded-shape1.png]
[worldigitalinvestory.com/wp-content/themes/cryptoking/assets/images/light_rounded-shape2.png]
[worldigitalinvestory.com/wp-content/themes/cryptoking/assets/images/counter_bg.png]
[worldigitalinvestory.com/wp-content/themes/cryptoking/assets/images/light_counter_bg.png]
[worldigitalinvestory.com/wp-content/themes/cryptoking/assets/images/light_counter_bg2.png]
[worldigitalinvestory.com/wp-content/themes/cryptoking/assets/css/custom5152.css]
[worldigitalinvestory.com/wp-content/themes/cryptoking/assets/css/responsive5152.css]
[worldigitalinvestory.com/wp-content/themes/cryptoking/assets/color/theme5152.css]
[worldigitalinvestory.com/wp-content/themes/cryptoking/stylef801.css]
[worldigitalinvestory.com/wp-includes/js/jquery/jquery.min3088.js]
[worldigitalinvestory.com/wp-includes/js/jquery/jquery-migrate.min5589.js]
[worldigitalinvestory.com/wp-json/index.html]
[worldigitalinvestory.com/wp-json/wp/v2/pages/378.html]
[worldigitalinvestory.com/wp-json/oembed/1.0/embede119.html]
[worldigitalinvestory.com/wp-json/oembed/1.0/embedacdc.html]
[worldigitalinvestory.com/about-us/index.html]
[worldigitalinvestory.com/affiliate/index.html]
[worldigitalinvestory.com/contact-us/index.html]
[worldigitalinvestory.com/faq/index.html]
[worldigitalinvestory.com/terms-and-conditions/index.html]
[worldigitalinvestory.com/policy/index.html]
[worldigitalinvestory.com/wp-content/plugins/js_composer/assets/vc/alert.png]
[worldigitalinvestory.com/wp-content/plugins/js_composer/assets/vc/info.png]
[worldigitalinvestory.com/wp-content/plugins/js_composer/assets/vc/tick.png]
[worldigitalinvestory.com/wp-content/plugins/js_composer/assets/vc/exclamation.png]
[worldigitalinvestory.com/wp-content/plugins/js_composer/assets/images/icons/address-book.png]
[worldigitalinvestory.com/wp-content/plugins/js_composer/assets/images/icons/alarm-clock.png]
[worldigitalinvestory.com/wp-content/plugins/js_composer/assets/images/icons/anchor.png]
[worldigitalinvestory.com/wp-content/plugins/js_composer/assets/images/icons/application-image.png]
[worldigitalinvestory.com/wp-content/plugins/js_composer/assets/images/icons/arrow.png]
[worldigitalinvestory.com/wp-content/plugins/js_composer/assets/images/icons/asterisk.png]
[worldigitalinvestory.com/wp-content/plugins/js_composer/assets/images/icons/auction-hammer.png]
[worldigitalinvestory.com/wp-content/plugins/js_composer/assets/images/icons/balloon.png]
[worldigitalinvestory.com/wp-content/plugins/js_composer/assets/images/icons/balloon-buzz.png]
[worldigitalinvestory.com/wp-content/plugins/js_composer/assets/images/icons/balloon-facebook.png]
[worldigitalinvestory.com/wp-content/plugins/js_composer/assets/images/icons/balloon-twitter.png]
[worldigitalinvestory.com/wp-content/plugins/js_composer/assets/images/icons/battery-full.png]
[worldigitalinvestory.com/wp-content/plugins/js_composer/assets/images/icons/binocular.png]
[worldigitalinvestory.com/wp-content/plugins/js_composer/assets/images/icons/blue-document-excel.png]
[worldigitalinvestory.com/wp-content/plugins/js_composer/assets/images/icons/blue-document-image.png]
[worldigitalinvestory.com/wp-content/plugins/js_composer/assets/images/icons/blue-document-music.png]
[worldigitalinvestory.com/wp-content/plugins/js_composer/assets/images/icons/blue-document-office.png]
[worldigitalinvestory.com/wp-content/plugins/js_composer/assets/images/icons/blue-document-pdf.png]
[worldigitalinvestory.com/wp-content/plugins/js_composer/assets/images/icons/blue-document-powerpoint.png]
[worldigitalinvestory.com/wp-content/plugins/js_composer/assets/images/icons/blue-document-word.png]
[worldigitalinvestory.com/wp-content/plugins/js_composer/assets/images/icons/bookmark.png]
[worldigitalinvestory.com/wp-content/plugins/js_composer/assets/images/icons/camcorder.png]
[worldigitalinvestory.com/wp-content/plugins/js_composer/assets/images/icons/camera.png]
[worldigitalinvestory.com/wp-content/plugins/js_composer/assets/images/icons/chart.png]
[worldigitalinvestory.com/wp-content/plugins/js_composer/assets/images/icons/chart-pie.png]
[worldigitalinvestory.com/wp-content/plugins/js_composer/assets/images/icons/clock.png]
[worldigitalinvestory.com/wp-content/plugins/js_composer/assets/images/icons/control.png]
[worldigitalinvestory.com/wp-content/plugins/js_composer/assets/images/icons/fire.png]
[worldigitalinvestory.com/wp-content/plugins/js_composer/assets/images/icons/heart.png]
[worldigitalinvestory.com/wp-content/plugins/js_composer/assets/images/icons/mail.png]
[worldigitalinvestory.com/wp-content/plugins/js_composer/assets/images/icons/plus-shield.png]
[worldigitalinvestory.com/wp-content/plugins/js_composer/assets/images/icons/video.png]
[worldigitalinvestory.com/wp-content/plugins/js_composer/assets/fonts/vc_icons_v2/fonts/vcpb-plugin-iconsb82a.eot]
[worldigitalinvestory.com/wp-content/plugins/js_composer/assets/fonts/vc_icons_v2/fonts/vcpb-plugin-iconsb82a.ttf]
[worldigitalinvestory.com/wp-content/plugins/js_composer/assets/fonts/vc_icons_v2/fonts/vcpb-plugin-iconsb82a.woff]
[worldigitalinvestory.com/wp-content/plugins/js_composer/assets/fonts/vc_icons_v2/fonts/vcpb-plugin-iconsb82a.svg]
[worldigitalinvestory.com/wp-content/plugins/js_composer/assets/images/toggle_open.png]
[worldigitalinvestory.com/wp-content/plugins/js_composer/assets/images/toggle_close.png]
[worldigitalinvestory.com/wp-content/plugins/js_composer/assets/images/flickr.png]
[worldigitalinvestory.com/wp-content/plugins/js_composer/assets/fonts/vc_grid/vc_grid_v157a1.eot]
[worldigitalinvestory.com/wp-content/plugins/js_composer/assets/fonts/vc_grid/vc_grid_v1d41d.eot]
[worldigitalinvestory.com/wp-content/plugins/js_composer/assets/fonts/vc_grid/vc_grid_v157a1.woff]
[worldigitalinvestory.com/wp-content/plugins/js_composer/assets/fonts/vc_grid/vc_grid_v157a1.ttf]
[worldigitalinvestory.com/wp-content/plugins/js_composer/assets/fonts/vc_grid/vc_grid_v157a1.svg]
[worldigitalinvestory.com/wp-content/plugins/js_composer/assets/images/spinner.gif]
[worldigitalinvestory.com/wp-content/plugins/js_composer/assets/vc/remove.png]
[worldigitalinvestory.com/wp-content/plugins/js_composer/assets/css/js_composer.mine1b2.css]
[worldigitalinvestory.com/wp-content/plugins/js_composer/assets/css/lib/vc-linecons/fonts/vc_linecons4906.eot]
[worldigitalinvestory.com/wp-content/plugins/js_composer/assets/css/lib/vc-linecons/fonts/vc_linecons4906.woff]
[worldigitalinvestory.com/wp-content/plugins/js_composer/assets/css/lib/vc-linecons/fonts/vc_linecons4906.ttf]
[worldigitalinvestory.com/wp-content/plugins/js_composer/assets/css/lib/vc-linecons/vc_linecons_icons.mine1b2.css]
[worldigitalinvestory.com/wp-content/plugins/js_composer/assets/css/lib/vc-linecons/fonts/vc_linecons4906.svg]
[worldigitalinvestory.com/wp-content/plugins/js_composer/assets/css/js_composer_tta.mine1b2.css]
[worldigitalinvestory.com/wp-content/plugins/revslider/public/assets/fonts/revicons/revicons90c6.eot]
[worldigitalinvestory.com/wp-content/plugins/revslider/public/assets/fonts/revicons/revicons90c6.woff]
[worldigitalinvestory.com/wp-content/plugins/revslider/public/assets/fonts/revicons/revicons90c6.ttf]
[worldigitalinvestory.com/wp-content/plugins/revslider/public/assets/fonts/revicons/revicons90c6.svg]
[worldigitalinvestory.com/wp-content/plugins/revslider/public/assets/css/openhand.cur]
[worldigitalinvestory.com/wp-content/plugins/revslider/public/assets/css/closedhand.cur]
[worldigitalinvestory.com/wp-content/plugins/revslider/public/assets/assets/gridtile.png]
[worldigitalinvestory.com/wp-content/plugins/revslider/public/assets/assets/gridtile_white.png]
[worldigitalinvestory.com/wp-content/plugins/revslider/public/assets/assets/gridtile_3x3.png]
[worldigitalinvestory.com/wp-content/plugins/revslider/public/assets/assets/gridtile_3x3_white.png]
[worldigitalinvestory.com/wp-content/plugins/revslider/public/assets/assets/coloredbg.png]
[worldigitalinvestory.com/wp-content/plugins/revslider/public/assets/assets/loader.gif]
[worldigitalinvestory.com/wp-content/plugins/revslider/public/assets/css/rs6b02e.css]
[worldigitalinvestory.com/t.a6.delayed]
[worldigitalinvestory.com/wp-content/plugins/contact-form-7/includes/swv/js/indexcfaa.js]
[worldigitalinvestory.com/wp-content/plugins/contact-form-7/includes/js/indexcfaa.js]
[worldigitalinvestory.com/wp-content/plugins/revslider/public/assets/js/rbtools.min8331.js]
[worldigitalinvestory.com/dummy.png]
[worldigitalinvestory.com/wp-content/plugins/revslider/public/assets/js/rs6.minb02e.js]
[worldigitalinvestory.com/origin=https_/index.html]
[worldigitalinvestory.com/popper.a9.delayed]
[worldigitalinvestory.com/wp-content/themes/cryptoking/assets/bootstrap/js/bootstrap.min5152.js]
[worldigitalinvestory.com/wp-content/themes/cryptoking/assets/owlcarousel/js/owl.carousel.min5152.js]
[worldigitalinvestory.com/wp-content/themes/cryptoking/assets/js/magnific-popup.min5152.js]
[worldigitalinvestory.com/wp-content/themes/cryptoking/assets/js/waypoints.min5152.js]
[worldigitalinvestory.com/wp-content/themes/cryptoking/assets/js/parallax5152.js]
[worldigitalinvestory.com/wp-content/themes/cryptoking/assets/js/scripts5152.js]
[worldigitalinvestory.com/wp-content/themes/cryptoking/assets/js/custom/cryptoking_sticky5152.js]
[apis.google.com/js/plusone.js]
[assets.pinterest.com/js/pinit.js]
[worldigitalinvestory.com/wp-content/plugins/js_composer/assets/js/dist/js_composer_front.mine1b2.js]
[worldigitalinvestory.com/GET.ac.delayed]
[worldigitalinvestory.com/Error pJS - No image.src]
[worldigitalinvestory.com/wp-content/themes/cryptoking/assets/js/particles.min5152.js]
[worldigitalinvestory.com/wp-content/themes/cryptoking/assets/js/custom/cryptoking_particle5152.js]
[worldigitalinvestory.com/wp-content/themes/cryptoking/assets/js/jquery.countdown.min5152.js]
[worldigitalinvestory.com/wp-content/themes/cryptoking/assets/js/custom/cryptoking_countdown5152.js]
[worldigitalinvestory.com/wp-content/plugins/js_composer/assets/lib/vc_accordion/vc-accordion.mine1b2.js]
[worldigitalinvestory.com/wp-content/plugins/js_composer/assets/lib/vc-tta-autoplay/vc-tta-autoplay.mine1b2.js]
[worldigitalinvestory.com/wp-content/plugins/js_composer/assets/lib/vc_tabs/vc-tabs.mine1b2.js]
[worldigitalinvestory.com/wp-content/themes/cryptoking/assets/js/custom/cryptoking_roadmap5152.js]
[worldigitalinvestory.com/wp-content/plugins/js_composer/assets/lib/bower/skrollr/dist/skrollr.mine1b2.js]
[worldigitalinvestory.com/wp-content/plugins/mailchimp-for-wp/assets/js/formscbf4.js]
[worldigitalinvestory.com/wp-content/themes/cryptoking/assets/fonts/ionicons28b5.svg]
[worldigitalinvestory.com/wp-content/themes/cryptoking/assets/owlcarousel/css/owl.video.play.html]
[worldigitalinvestory.com/wp-content/themes/cryptoking/assets/owlcarousel/css/AjaxLoader.html]
[worldigitalinvestory.com/wp-content/themes/cryptoking/assets/images/light_counter_bg.html]
[worldigitalinvestory.com/wp-content/plugins/js_composer/assets/fonts/vc_icons_v2/fonts/vcpb-plugin-iconsb82a.svg]
[worldigitalinvestory.com/wp-content/plugins/js_composer/assets/vc/blur.svg]
[worldigitalinvestory.com/wp-content/plugins/js_composer/assets/fonts/vc_grid/vc_grid_v157a1.svg]
[worldigitalinvestory.com/wp-content/plugins/js_composer/assets/css/lib/vc-linecons/fonts/vc_linecons4906.svg]
[worldigitalinvestory.com/wp-content/plugins/revslider/public/assets/fonts/revicons/revicons90c6.svg]
[worldigitalinvestory.com/t.html]
[worldigitalinvestory.com/dummy.html]
[worldigitalinvestory.com/origin=https_/index.html]
[worldigitalinvestory.com/popper.html]
[worldigitalinvestory.com/GET.html]
[worldigitalinvestory.com/Error pJS - No image.html]
[player.vimeo.com/api/player.js]
